-- Loaded rows with invalid status into the trips table to test the pipeline's ability to handle invalid records. The pipeline run failed the data quality checks due to 10 rows with invalid status, and the load was aborted.

2026-07-19 23:09:36,412  INFO  Starting INCREMENTAL pipeline run
2026-07-19 23:09:36,496  INFO  Extracted 1 rows
2026-07-19 23:09:36,496  INFO  Watermark for dim_driver.joined_at: 2022-10-27 08:16:40
2026-07-19 23:09:36,496  INFO  Extracted 1 rows
2026-07-19 23:09:36,496  INFO  Watermark for dim_passenger.created_at: 2023-06-21 09:59:08
2026-07-19 23:09:36,498  INFO  Extracted 0 rows
2026-07-19 23:09:36,498  INFO  0 inserted to dim_driver
2026-07-19 23:09:36,498  INFO  Extracted 0 rows
2026-07-19 23:09:36,498  INFO  0 inserted to dim_passenger
2026-07-19 23:09:36,499  INFO  Extracted 30 rows
2026-07-19 23:09:36,503  INFO  0 inserted to dim_vehicle
2026-07-19 23:09:36,504  INFO  Extracted 25 rows
2026-07-19 23:09:36,507  INFO  0 inserted to dim_location
2026-07-19 23:09:36,508  INFO  Extracted 7 rows
2026-07-19 23:09:36,509  INFO  0 inserted to dim_payment_method
2026-07-19 23:09:36,509  INFO  Extracted 10 rows
2026-07-19 23:09:36,510  INFO  0 inserted to dim_promo_code
2026-07-19 23:09:36,510  INFO  Dimension table load completed in 0.02s
2026-07-19 23:09:36,510  INFO  Loading lookup table into memory
2026-07-19 23:09:36,513  INFO  Lookup table extraction completed in 0.00s
2026-07-19 23:09:36,515  INFO  Extracted 1 rows
2026-07-19 23:09:36,515  INFO  Watermark for fact_trips.requested_at: 2026-07-15 10:30:00
2026-07-19 23:09:36,517  INFO  Extracted 10 rows
2026-07-19 23:09:36,517  INFO  Trip extraction completed in 0.00s
2026-07-19 23:09:36,517  INFO  Transformed 10 rows, skipped 0
2026-07-19 23:09:36,517  INFO  Transformation completed in 0.00s
2026-07-19 23:09:36,517  ERROR  Data quality checks failed — aborting load: Quality check failed: valid_status — 10 rows with invalid status
