Adding 10 rows to trip table 

2026-07-19 22:36:28,992  INFO  Starting INCREMENTAL pipeline run
2026-07-19 22:36:29,094  INFO  Extracted 1 rows
2026-07-19 22:36:29,094  INFO  Watermark for dim_driver.joined_at: 2022-10-27 08:16:40
2026-07-19 22:36:29,095  INFO  Extracted 1 rows
2026-07-19 22:36:29,095  INFO  Watermark for dim_passenger.created_at: 2023-06-21 09:59:08
2026-07-19 22:36:29,096  INFO  Extracted 0 rows
2026-07-19 22:36:29,096  INFO  0 inserted to dim_driver
2026-07-19 22:36:29,097  INFO  Extracted 0 rows
2026-07-19 22:36:29,097  INFO  0 inserted to dim_passenger
2026-07-19 22:36:29,097  INFO  Extracted 30 rows
2026-07-19 22:36:29,100  INFO  0 inserted to dim_vehicle
2026-07-19 22:36:29,101  INFO  Extracted 25 rows
2026-07-19 22:36:29,104  INFO  0 inserted to dim_location
2026-07-19 22:36:29,105  INFO  Extracted 7 rows
2026-07-19 22:36:29,106  INFO  0 inserted to dim_payment_method
2026-07-19 22:36:29,107  INFO  Extracted 10 rows
2026-07-19 22:36:29,109  INFO  0 inserted to dim_promo_code
2026-07-19 22:36:29,109  INFO  Dimension table load completed in 0.02s
2026-07-19 22:36:29,109  INFO  Loading lookup table into memory
2026-07-19 22:36:29,114  INFO  Lookup table extraction completed in 0.00s
2026-07-19 22:36:29,115  INFO  Extracted 1 rows
2026-07-19 22:36:29,115  INFO  Watermark for fact_trips.requested_at: 2026-06-29 21:53:01
2026-07-19 22:36:29,118  INFO  Extracted 10 rows
2026-07-19 22:36:29,118  INFO  Trip extraction completed in 0.00s
2026-07-19 22:36:29,118  INFO  Transformed 10 rows, skipped 0
2026-07-19 22:36:29,118  INFO  Transformation completed in 0.00s
2026-07-19 22:36:29,118  INFO  Quality gate passed: 10 rows, 5 checks
2026-07-19 22:36:29,118  INFO  Quality check completed in 0.00s
2026-07-19 22:36:29,123  INFO  10 inserted to fact_trips
2026-07-19 22:36:29,124  INFO  Trip table load completed in 0.01s
